Total de problemas registrados: 167

=== clon v5.3 self-repair (3 semillas, 12 rondas x 3 epocas, iter=48, lr=5e-05, ent=0.01, kl=0.5, paciencia=6, eval=64xT, salida=benchmarks/clon_v5p4) ===
[semilla 1] warm start desde clon_v3_seed1.pt
[semilla 1] antes: reparacion 12.63% bo16 14.87% (154 s)
  [linea base a batir: reparacion=12.63; listones prerregistrados: 12.76 y 13.73/13.89]
    int__tai20_15_01: 6/48 aceptadas, 682 decisiones (incumbente 12.93%)
    int__tai20_15_02: 7/48 aceptadas, 871 decisiones (incumbente 12.58%)
    int__tai20_15_03: 4/48 aceptadas, 395 decisiones (incumbente 15.20%)
    int__tai20_15_04: 6/48 aceptadas, 768 decisiones (incumbente 9.52%)
  ronda  0: 23 acept. 2716 dec. H=0.900 | dev reparacion=14.28 bo16=14.81 (209 s)
    int__tai20_15_01: 6/48 aceptadas, 857 decisiones (incumbente 13.41%)
    int__tai20_15_02: 7/48 aceptadas, 1020 decisiones (incumbente 12.03%)
    int__tai20_15_03: 6/48 aceptadas, 1138 decisiones (incumbente 11.48%)
    int__tai20_15_04: 11/48 aceptadas, 1798 decisiones (incumbente 10.33%)
  ronda  1: 30 acept. 4813 dec. H=0.901 | dev reparacion=13.39 bo16=13.81 (214 s)
    int__tai20_15_01: 6/48 aceptadas, 1435 decisiones (incumbente 15.29%)
    int__tai20_15_02: 1/48 aceptadas, 213 decisiones (incumbente 13.20%)
    int__tai20_15_03: 7/48 aceptadas, 1331 decisiones (incumbente 14.94%)
    int__tai20_15_04: 4/48 aceptadas, 593 decisiones (incumbente 9.74%)
  ronda  2: 18 acept. 3572 dec. H=0.896 | dev reparacion=12.85 bo16=14.59 (211 s)
    int__tai20_15_01: 4/48 aceptadas, 621 decisiones (incumbente 15.33%)
    int__tai20_15_02: 7/48 aceptadas, 1190 decisiones (incumbente 14.34%)
    int__tai20_15_03: 4/48 aceptadas, 627 decisiones (incumbente 13.75%)
    int__tai20_15_04: 2/48 aceptadas, 204 decisiones (incumbente 11.49%)
  ronda  3: 17 acept. 2642 dec. H=0.919 | dev reparacion=13.07 bo16=13.66 (208 s)
    int__tai20_15_01: 6/48 aceptadas, 1258 decisiones (incumbente 12.64%)
    int__tai20_15_02: 4/48 aceptadas, 771 decisiones (incumbente 9.91%)
    int__tai20_15_03: 5/48 aceptadas, 748 decisiones (incumbente 14.31%)
    int__tai20_15_04: 3/48 aceptadas, 414 decisiones (incumbente 12.23%)
  ronda  4: 18 acept. 3191 dec. H=0.904 | dev reparacion=13.10 bo16=14.47 (210 s)
    int__tai20_15_01: 3/48 aceptadas, 330 decisiones (incumbente 11.09%)
    int__tai20_15_02: 3/48 aceptadas, 398 decisiones (incumbente 10.13%)
    int__tai20_15_03: 5/48 aceptadas, 880 decisiones (incumbente 15.91%)
    int__tai20_15_04: 7/48 aceptadas, 483 decisiones (incumbente 12.16%)
  ronda  5: 18 acept. 2091 dec. H=0.914 | dev reparacion=14.27 bo16=14.44 (209 s)
  parada temprana en la ronda 5
  ninguna ronda mejoro la linea base: RESTAURADO el warm start
[semilla 1] DESPUES: reparacion 12.63% bo16 14.87%
[semilla 2] warm start desde clon_v3_seed2.pt
[semilla 2] antes: reparacion 13.68% bo16 15.07% (155 s)
  [linea base a batir: reparacion=13.68; listones prerregistrados: 12.76 y 13.73/13.89]
    int__tai20_15_01: 3/48 aceptadas, 418 decisiones (incumbente 14.70%)
    int__tai20_15_02: 0/48 aceptadas, 0 decisiones (incumbente 14.67%)
    int__tai20_15_03: 6/48 aceptadas, 1162 decisiones (incumbente 18.26%)
    int__tai20_15_04: 3/48 aceptadas, 496 decisiones (incumbente 11.75%)
  ronda  0: 12 acept. 2076 dec. H=1.240 | dev reparacion=13.79 bo16=14.32 (209 s)
    int__tai20_15_01: 3/48 aceptadas, 479 decisiones (incumbente 15.33%)
    int__tai20_15_02: 0/48 aceptadas, 0 decisiones (incumbente 14.67%)
    int__tai20_15_03: 4/48 aceptadas, 926 decisiones (incumbente 14.27%)
    int__tai20_15_04: 2/48 aceptadas, 161 decisiones (incumbente 13.64%)
  ronda  1: 9 acept. 1566 dec. H=1.256 | dev reparacion=14.17 bo16=15.08 (209 s)
    int__tai20_15_01: 4/48 aceptadas, 494 decisiones (incumbente 16.58%)
    int__tai20_15_02: 5/48 aceptadas, 881 decisiones (incumbente 10.17%)
    int__tai20_15_03: 2/48 aceptadas, 360 decisiones (incumbente 18.03%)
    int__tai20_15_04: 2/48 aceptadas, 125 decisiones (incumbente 13.64%)
  ronda  2: 13 acept. 1860 dec. H=1.264 | dev reparacion=13.13 bo16=14.62 * (209 s)
    int__tai20_15_01: 2/48 aceptadas, 383 decisiones (incumbente 14.85%)
    int__tai20_15_02: 5/48 aceptadas, 723 decisiones (incumbente 12.07%)
    int__tai20_15_03: 7/48 aceptadas, 1017 decisiones (incumbente 14.98%)
    int__tai20_15_04: 6/48 aceptadas, 1029 decisiones (incumbente 12.38%)
  ronda  3: 20 acept. 3152 dec. H=1.277 | dev reparacion=14.31 bo16=16.13 (212 s)
    int__tai20_15_01: 6/48 aceptadas, 886 decisiones (incumbente 13.82%)
    int__tai20_15_02: 4/48 aceptadas, 660 decisiones (incumbente 12.87%)
    int__tai20_15_03: 6/48 aceptadas, 852 decisiones (incumbente 17.77%)
    int__tai20_15_04: 4/48 aceptadas, 560 decisiones (incumbente 14.42%)
  ronda  4: 20 acept. 2958 dec. H=1.269 | dev reparacion=14.00 bo16=15.30 (214 s)
    int__tai20_15_01: 2/48 aceptadas, 331 decisiones (incumbente 16.58%)
    int__tai20_15_02: 3/48 aceptadas, 288 decisiones (incumbente 13.02%)
    int__tai20_15_03: 6/48 aceptadas, 936 decisiones (incumbente 14.12%)
    int__tai20_15_04: 5/48 aceptadas, 905 decisiones (incumbente 11.90%)
  ronda  5: 16 acept. 2460 dec. H=1.251 | dev reparacion=13.29 bo16=15.44 (210 s)
    int__tai20_15_01: 7/48 aceptadas, 903 decisiones (incumbente 15.29%)
    int__tai20_15_02: 1/48 aceptadas, 101 decisiones (incumbente 14.12%)
    int__tai20_15_03: 6/48 aceptadas, 1063 decisiones (incumbente 14.72%)
    int__tai20_15_04: 6/48 aceptadas, 1180 decisiones (incumbente 9.26%)
  ronda  6: 20 acept. 3247 dec. H=1.228 | dev reparacion=13.78 bo16=14.60 (209 s)
    int__tai20_15_01: 3/48 aceptadas, 559 decisiones (incumbente 12.68%)
    int__tai20_15_02: 1/48 aceptadas, 107 decisiones (incumbente 14.67%)
    int__tai20_15_03: 5/48 aceptadas, 802 decisiones (incumbente 15.24%)
    int__tai20_15_04: 3/48 aceptadas, 403 decisiones (incumbente 14.87%)
  ronda  7: 12 acept. 1871 dec. H=1.262 | dev reparacion=13.54 bo16=13.98 (210 s)
    int__tai20_15_01: 6/48 aceptadas, 1140 decisiones (incumbente 15.70%)
    int__tai20_15_02: 3/48 aceptadas, 433 decisiones (incumbente 14.67%)
    int__tai20_15_03: 5/48 aceptadas, 755 decisiones (incumbente 15.91%)
    int__tai20_15_04: 6/48 aceptadas, 969 decisiones (incumbente 11.15%)
  ronda  8: 20 acept. 3297 dec. H=1.247 | dev reparacion=13.25 bo16=14.19 (213 s)
  parada temprana en la ronda 8
[semilla 2] DESPUES: reparacion 13.13% bo16 14.62%
[semilla 3] warm start desde clon_v3_seed3.pt
[semilla 3] antes: reparacion 14.04% bo16 14.78% (154 s)
  [linea base a batir: reparacion=14.04; listones prerregistrados: 12.76 y 13.73/13.89]
    int__tai20_15_01: 10/48 aceptadas, 1498 decisiones (incumbente 13.12%)
    int__tai20_15_02: 1/48 aceptadas, 83 decisiones (incumbente 11.45%)
    int__tai20_15_03: 2/48 aceptadas, 448 decisiones (incumbente 16.69%)
    int__tai20_15_04: 1/48 aceptadas, 192 decisiones (incumbente 13.38%)
  ronda  0: 14 acept. 2221 dec. H=1.100 | dev reparacion=14.53 bo16=15.46 (210 s)
    int__tai20_15_01: 4/48 aceptadas, 608 decisiones (incumbente 14.19%)
    int__tai20_15_02: 3/48 aceptadas, 576 decisiones (incumbente 12.80%)
    int__tai20_15_03: 4/48 aceptadas, 801 decisiones (incumbente 16.58%)
    int__tai20_15_04: 3/48 aceptadas, 466 decisiones (incumbente 12.12%)
  ronda  1: 14 acept. 2451 dec. H=1.074 | dev reparacion=15.25 bo16=14.24 (208 s)
    int__tai20_15_01: 1/48 aceptadas, 216 decisiones (incumbente 12.16%)
    int__tai20_15_02: 5/48 aceptadas, 662 decisiones (incumbente 12.00%)
    int__tai20_15_03: 4/48 aceptadas, 679 decisiones (incumbente 17.14%)
    int__tai20_15_04: 3/48 aceptadas, 787 decisiones (incumbente 10.04%)
  ronda  2: 13 acept. 2344 dec. H=1.080 | dev reparacion=14.94 bo16=15.23 (208 s)
    int__tai20_15_01: 4/48 aceptadas, 341 decisiones (incumbente 12.79%)
    int__tai20_15_02: 2/48 aceptadas, 260 decisiones (incumbente 12.25%)
    int__tai20_15_03: 8/48 aceptadas, 1301 decisiones (incumbente 15.80%)
    int__tai20_15_04: 5/48 aceptadas, 948 decisiones (incumbente 9.96%)
  ronda  3: 19 acept. 2850 dec. H=1.082 | dev reparacion=14.51 bo16=15.09 (207 s)
    int__tai20_15_01: 5/48 aceptadas, 640 decisiones (incumbente 11.46%)
    int__tai20_15_02: 6/48 aceptadas, 641 decisiones (incumbente 11.63%)
    int__tai20_15_03: 3/48 aceptadas, 492 decisiones (incumbente 12.63%)
    int__tai20_15_04: 8/48 aceptadas, 1279 decisiones (incumbente 10.74%)
  ronda  4: 22 acept. 3052 dec. H=1.078 | dev reparacion=13.69 bo16=15.90 * (211 s)
    int__tai20_15_01: 6/48 aceptadas, 848 decisiones (incumbente 11.94%)
    int__tai20_15_02: 2/48 aceptadas, 241 decisiones (incumbente 12.14%)
    int__tai20_15_03: 4/48 aceptadas, 650 decisiones (incumbente 13.23%)
    int__tai20_15_04: 7/48 aceptadas, 759 decisiones (incumbente 14.76%)
  ronda  5: 19 acept. 2498 dec. H=1.106 | dev reparacion=14.74 bo16=15.21 (209 s)
    int__tai20_15_01: 4/48 aceptadas, 703 decisiones (incumbente 15.77%)
    int__tai20_15_02: 5/48 aceptadas, 368 decisiones (incumbente 12.95%)
    int__tai20_15_03: 10/48 aceptadas, 1729 decisiones (incumbente 13.38%)
    int__tai20_15_04: 2/48 aceptadas, 363 decisiones (incumbente 10.19%)
  ronda  6: 21 acept. 3163 dec. H=1.097 | dev reparacion=14.37 bo16=15.33 (212 s)
    int__tai20_15_01: 3/48 aceptadas, 565 decisiones (incumbente 12.34%)
    int__tai20_15_02: 4/48 aceptadas, 455 decisiones (incumbente 12.73%)
    int__tai20_15_03: 4/48 aceptadas, 498 decisiones (incumbente 16.39%)
    int__tai20_15_04: 8/48 aceptadas, 945 decisiones (incumbente 10.78%)
  ronda  7: 19 acept. 2463 dec. H=1.124 | dev reparacion=15.04 bo16=16.06 (204 s)
    int__tai20_15_01: 7/48 aceptadas, 1085 decisiones (incumbente 13.38%)
    int__tai20_15_02: 5/48 aceptadas, 569 decisiones (incumbente 12.40%)
    int__tai20_15_03: 4/48 aceptadas, 301 decisiones (incumbente 17.36%)
    int__tai20_15_04: 2/48 aceptadas, 361 decisiones (incumbente 13.16%)
  ronda  8: 18 acept. 2316 dec. H=1.120 | dev reparacion=15.06 bo16=16.08 (208 s)
    int__tai20_15_01: 7/48 aceptadas, 1044 decisiones (incumbente 13.26%)
    int__tai20_15_02: 5/48 aceptadas, 678 decisiones (incumbente 12.73%)
    int__tai20_15_03: 4/48 aceptadas, 473 decisiones (incumbente 16.32%)
    int__tai20_15_04: 5/48 aceptadas, 717 decisiones (incumbente 12.23%)
  ronda  9: 21 acept. 2912 dec. H=1.105 | dev reparacion=13.99 bo16=15.58 (243 s)
    int__tai20_15_01: 7/48 aceptadas, 1087 decisiones (incumbente 10.87%)
    int__tai20_15_02: 4/48 aceptadas, 488 decisiones (incumbente 12.07%)
    int__tai20_15_03: 7/48 aceptadas, 720 decisiones (incumbente 18.48%)
    int__tai20_15_04: 4/48 aceptadas, 379 decisiones (incumbente 15.69%)
  ronda 10: 22 acept. 2674 dec. H=1.100 | dev reparacion=14.41 bo16=15.20 (278 s)
  parada temprana en la ronda 10
[semilla 3] DESPUES: reparacion 13.69% bo16 15.90%

=== RESUMEN ===
      rep_antes: 13.45%
    rep_despues: 13.15%
     bo16_antes: 14.91%
   bo16_despues: 15.13%
  listones: bo64 clones 12.76; R&R ciego 13.73/13.89; experto TS ~3.66
