Total de problemas registrados: 167

=== v4 ruin&recreate (3 politicas x 6 instancias, presupuesto 64xT, bo64, d U[15,299]) ===
  [politica 1: v2_final_deepsets_1000ep_seed2.pt]
    int__tai20_15_05: greedy 15.65 bo64 14.04 R&R 14.00 (63 it, 7 aceptadas, 9715 forwards vs 19200 del bo)
    int__tai20_15_06: greedy 13.68 bo64 12.65 R&R 10.55 (63 it, 4 aceptadas, 10641 forwards vs 19200 del bo)
    int__tai20_15_07: greedy 18.37 bo64 13.47 R&R 14.06 (63 it, 8 aceptadas, 10692 forwards vs 19200 del bo)
    int__tai20_15_08: greedy 22.98 bo64 17.61 R&R 16.99 (63 it, 8 aceptadas, 9504 forwards vs 19200 del bo)
    int__tai20_15_09: greedy 17.34 bo64 13.10 R&R 13.14 (63 it, 9 aceptadas, 10477 forwards vs 19200 del bo)
    int__tai20_15_10: greedy 18.32 bo64 12.54 R&R 10.83 (63 it, 6 aceptadas, 10565 forwards vs 19200 del bo)
  [politica 1: 298 s]
  [politica 2: v2_final_deepsets_1000ep_seed3.pt]
    int__tai20_15_05: greedy 25.21 bo64 16.02 R&R 14.71 (63 it, 6 aceptadas, 10355 forwards vs 19200 del bo)
    int__tai20_15_06: greedy 17.39 bo64 12.94 R&R 15.51 (63 it, 5 aceptadas, 10265 forwards vs 19200 del bo)
    int__tai20_15_07: greedy 13.99 bo64 13.44 R&R 11.22 (63 it, 7 aceptadas, 9039 forwards vs 19200 del bo)
    int__tai20_15_08: greedy 19.86 bo64 16.34 R&R 15.58 (63 it, 2 aceptadas, 10327 forwards vs 19200 del bo)
    int__tai20_15_09: greedy 18.81 bo64 12.42 R&R 11.45 (63 it, 3 aceptadas, 10167 forwards vs 19200 del bo)
    int__tai20_15_10: greedy 17.47 bo64 11.83 R&R 12.91 (63 it, 1 aceptadas, 10145 forwards vs 19200 del bo)
  [politica 2: 293 s]
  [politica 3: v2_final_deepsets_1000ep_seed4.pt]
    int__tai20_15_05: greedy 18.37 bo64 12.32 R&R 13.85 (63 it, 5 aceptadas, 9303 forwards vs 19200 del bo)
    int__tai20_15_06: greedy 20.48 bo64 12.46 R&R 14.63 (63 it, 9 aceptadas, 10275 forwards vs 19200 del bo)
    int__tai20_15_07: greedy 14.67 bo64 11.97 R&R 12.72 (63 it, 3 aceptadas, 10555 forwards vs 19200 del bo)
    int__tai20_15_08: greedy 20.37 bo64 16.45 R&R 16.09 (63 it, 6 aceptadas, 9762 forwards vs 19200 del bo)
    int__tai20_15_09: greedy 14.19 bo64 14.23 R&R 12.95 (63 it, 6 aceptadas, 9720 forwards vs 19200 del bo)
    int__tai20_15_10: greedy 21.33 bo64 15.58 R&R 15.95 (63 it, 4 aceptadas, 9124 forwards vs 19200 del bo)
  [politica 3: 289 s]

=== RESUMEN ===
  re_greedy: 18.25%
      re_bo: 13.86%
      re_rr: 13.73%
  R&R mejor que bo64 en 10/18 pares (dif media -0.13)
  Wilcoxon pareado R&R vs bo: p=0.6705
  referencias: politica RL bo64 13.4; clon v0 13.94; experto TS ~3.66
