Total de problemas registrados: 167

=== v4 ruin&recreate (3 politicas x 6 instancias, presupuesto 64xT, bo64, d U[15,150]) ===
  [politica 1: clon_v3_seed1.pt]
    int__tai20_15_05: greedy 17.33 bo64 11.28 R&R 15.31 (63 it, 1 aceptadas, 5109 forwards vs 19200 del bo)
    int__tai20_15_06: greedy 16.32 bo64 11.91 R&R 14.60 (63 it, 4 aceptadas, 5558 forwards vs 19200 del bo)
    int__tai20_15_07: greedy 17.24 bo64 9.51 R&R 17.24 (63 it, 0 aceptadas, 5580 forwards vs 19200 del bo)
    int__tai20_15_08: greedy 25.56 bo64 15.61 R&R 24.73 (63 it, 3 aceptadas, 5014 forwards vs 19200 del bo)
    int__tai20_15_09: greedy 13.36 bo64 13.36 R&R 13.36 (63 it, 0 aceptadas, 5473 forwards vs 19200 del bo)
    int__tai20_15_10: greedy 19.62 bo64 10.01 R&R 17.58 (63 it, 6 aceptadas, 5518 forwards vs 19200 del bo)
  [politica 1: 259 s]
  [politica 2: clon_v3_seed2.pt]
    int__tai20_15_05: greedy 21.55 bo64 12.36 R&R 16.02 (63 it, 5 aceptadas, 5422 forwards vs 19200 del bo)
    int__tai20_15_06: greedy 16.84 bo64 13.01 R&R 16.84 (63 it, 0 aceptadas, 5379 forwards vs 19200 del bo)
    int__tai20_15_07: greedy 13.99 bo64 12.31 R&R 12.76 (63 it, 4 aceptadas, 4791 forwards vs 19200 del bo)
    int__tai20_15_08: greedy 23.86 bo64 14.89 R&R 19.54 (63 it, 8 aceptadas, 5403 forwards vs 19200 del bo)
    int__tai20_15_09: greedy 18.66 bo64 13.63 R&R 14.49 (63 it, 6 aceptadas, 5332 forwards vs 19200 del bo)
    int__tai20_15_10: greedy 25.33 bo64 12.20 R&R 22.51 (63 it, 1 aceptadas, 5323 forwards vs 19200 del bo)
  [politica 2: 254 s]
  [politica 3: clon_v3_seed3.pt]
    int__tai20_15_05: greedy 18.37 bo64 12.10 R&R 15.80 (63 it, 5 aceptadas, 4917 forwards vs 19200 del bo)
    int__tai20_15_06: greedy 18.68 bo64 11.99 R&R 16.47 (63 it, 4 aceptadas, 5376 forwards vs 19200 del bo)
    int__tai20_15_07: greedy 14.95 bo64 13.03 R&R 12.76 (63 it, 5 aceptadas, 5520 forwards vs 19200 del bo)
    int__tai20_15_08: greedy 20.37 bo64 17.21 R&R 19.10 (63 it, 4 aceptadas, 5136 forwards vs 19200 del bo)
    int__tai20_15_09: greedy 15.20 bo64 11.34 R&R 14.49 (63 it, 1 aceptadas, 5119 forwards vs 19200 del bo)
    int__tai20_15_10: greedy 21.33 bo64 13.91 R&R 18.69 (63 it, 3 aceptadas, 4832 forwards vs 19200 del bo)
  [politica 3: 253 s]

=== RESUMEN ===
  re_greedy: 18.81%
      re_bo: 12.76%
      re_rr: 16.79%
  R&R mejor que bo64 en 1/18 pares (dif media +4.03)
  Wilcoxon pareado R&R vs bo: p=0.0004
  referencias: politica RL bo64 13.4; clon v0 13.94; experto TS ~3.66
