Total de problemas registrados: 167

=== clon v3 (3 semillas, 10 rondas x 3 epocas, n=64, top=4, lr=5e-05, ent=0.01, kl=0.5, paciencia=4) ===
[semilla 1] warm start desde v2_final_deepsets_1000ep_seed2.pt
[semilla 1] antes: greedy 17.72% bo16 15.89% bo64 13.90%
  [linea base a batir: bo64=13.90]
    int__tai20_15_01: mejor 13.30% elite 13.30% (1196 decisiones)
    int__tai20_15_02: mejor 9.88% elite 9.88% (1196 decisiones)
    int__tai20_15_03: mejor 12.26% elite 12.26% (1196 decisiones)
    int__tai20_15_04: mejor 10.41% elite 10.41% (1196 decisiones)
  ronda  0: sel RE=13.29% (4784 dec.) H=0.958 | dev greedy=18.82 bo16=14.81 bo64=13.61 * (503 s)
    int__tai20_15_01: mejor 12.45% elite 12.45% (1196 decisiones)
    int__tai20_15_02: mejor 12.87% elite 9.88% (1196 decisiones)
    int__tai20_15_03: mejor 15.76% elite 12.26% (1196 decisiones)
    int__tai20_15_04: mejor 10.37% elite 10.41% (1196 decisiones)
  ronda  1: sel RE=13.35% (4784 dec.) H=0.961 | dev greedy=19.91 bo16=15.85 bo64=14.03 (376 s)
    int__tai20_15_01: mejor 13.52% elite 12.45% (1196 decisiones)
    int__tai20_15_02: mejor 12.58% elite 9.88% (1196 decisiones)
    int__tai20_15_03: mejor 13.75% elite 12.26% (1195 decisiones)
    int__tai20_15_04: mejor 11.26% elite 10.41% (1196 decisiones)
  ronda  2: sel RE=12.77% (4783 dec.) H=0.965 | dev greedy=19.81 bo16=14.58 bo64=14.49 (377 s)
    int__tai20_15_01: mejor 15.03% elite 12.45% (1196 decisiones)
    int__tai20_15_02: mejor 12.47% elite 9.88% (1196 decisiones)
    int__tai20_15_03: mejor 14.42% elite 12.26% (1196 decisiones)
    int__tai20_15_04: mejor 12.16% elite 10.41% (1195 decisiones)
  ronda  3: sel RE=13.18% (4783 dec.) H=0.961 | dev greedy=18.23 bo16=14.83 bo64=13.19 * (375 s)
    int__tai20_15_01: mejor 15.62% elite 12.45% (1196 decisiones)
    int__tai20_15_02: mejor 11.41% elite 9.88% (1195 decisiones)
    int__tai20_15_03: mejor 14.90% elite 12.26% (1196 decisiones)
    int__tai20_15_04: mejor 9.81% elite 10.41% (1196 decisiones)
  ronda  4: sel RE=12.82% (4783 dec.) H=0.961 | dev greedy=18.77 bo16=14.69 bo64=12.93 * (375 s)
    int__tai20_15_01: mejor 11.97% elite 11.97% (1196 decisiones)
    int__tai20_15_02: mejor 11.92% elite 9.88% (1196 decisiones)
    int__tai20_15_03: mejor 15.54% elite 12.26% (1196 decisiones)
    int__tai20_15_04: mejor 11.23% elite 10.41% (1196 decisiones)
  ronda  5: sel RE=13.07% (4784 dec.) H=0.962 | dev greedy=17.89 bo16=14.50 bo64=12.62 * (375 s)
    int__tai20_15_01: mejor 14.11% elite 11.97% (1196 decisiones)
    int__tai20_15_02: mejor 12.77% elite 9.88% (1196 decisiones)
    int__tai20_15_03: mejor 16.54% elite 12.26% (1196 decisiones)
    int__tai20_15_04: mejor 10.82% elite 10.41% (1196 decisiones)
  ronda  6: sel RE=13.17% (4784 dec.) H=0.960 | dev greedy=18.24 bo16=14.87 bo64=11.95 * (376 s)
    int__tai20_15_01: mejor 14.92% elite 11.97% (1196 decisiones)
    int__tai20_15_02: mejor 12.18% elite 9.88% (1196 decisiones)
    int__tai20_15_03: mejor 13.75% elite 12.26% (1196 decisiones)
    int__tai20_15_04: mejor 11.19% elite 10.41% (1196 decisiones)
  ronda  7: sel RE=12.86% (4784 dec.) H=0.956 | dev greedy=17.27 bo16=14.62 bo64=13.39 (377 s)
    int__tai20_15_01: mejor 12.82% elite 11.97% (1196 decisiones)
    int__tai20_15_02: mejor 10.13% elite 9.88% (1196 decisiones)
    int__tai20_15_03: mejor 13.30% elite 12.26% (1196 decisiones)
    int__tai20_15_04: mejor 11.49% elite 10.41% (1196 decisiones)
  ronda  8: sel RE=12.60% (4784 dec.) H=0.954 | dev greedy=18.80 bo16=14.96 bo64=13.28 (375 s)
    int__tai20_15_01: mejor 13.49% elite 11.97% (1196 decisiones)
    int__tai20_15_02: mejor 10.97% elite 10.97% (1196 decisiones)
    int__tai20_15_03: mejor 17.10% elite 12.26% (1196 decisiones)
    int__tai20_15_04: mejor 10.74% elite 10.41% (1195 decisiones)
  ronda  9: sel RE=13.24% (4783 dec.) H=0.940 | dev greedy=18.81 bo16=15.52 bo64=13.87 (380 s)
[semilla 1] DESPUES: greedy 18.24% bo16 14.87% bo64 11.95%
[semilla 2] warm start desde v2_final_deepsets_1000ep_seed3.pt
[semilla 2] antes: greedy 18.79% bo16 14.67% bo64 13.83%
  [linea base a batir: bo64=13.83]
    int__tai20_15_01: mejor 14.74% elite 14.74% (1196 decisiones)
    int__tai20_15_02: mejor 11.12% elite 11.12% (1196 decisiones)
    int__tai20_15_03: mejor 16.84% elite 16.84% (1196 decisiones)
    int__tai20_15_04: mejor 11.64% elite 11.64% (1196 decisiones)
  ronda  0: sel RE=14.87% (4784 dec.) H=1.350 | dev greedy=20.04 bo16=15.07 bo64=13.07 * (379 s)
    int__tai20_15_01: mejor 16.69% elite 14.74% (1196 decisiones)
    int__tai20_15_02: mejor 14.63% elite 11.12% (1195 decisiones)
    int__tai20_15_03: mejor 16.13% elite 16.13% (1196 decisiones)
    int__tai20_15_04: mejor 10.89% elite 10.89% (1195 decisiones)
  ronda  1: sel RE=15.10% (4782 dec.) H=1.333 | dev greedy=17.88 bo16=15.12 bo64=13.75 (381 s)
    int__tai20_15_01: mejor 10.65% elite 10.65% (1196 decisiones)
    int__tai20_15_02: mejor 12.58% elite 11.12% (1196 decisiones)
    int__tai20_15_03: mejor 16.24% elite 16.13% (1196 decisiones)
    int__tai20_15_04: mejor 13.12% elite 10.89% (1196 decisiones)
  ronda  2: sel RE=14.12% (4784 dec.) H=1.315 | dev greedy=17.92 bo16=15.58 bo64=14.52 (377 s)
    int__tai20_15_01: mejor 14.70% elite 10.65% (1196 decisiones)
    int__tai20_15_02: mejor 13.20% elite 11.12% (1195 decisiones)
    int__tai20_15_03: mejor 14.31% elite 14.31% (1196 decisiones)
    int__tai20_15_04: mejor 10.82% elite 10.82% (1196 decisiones)
  ronda  3: sel RE=13.88% (4783 dec.) H=1.315 | dev greedy=19.09 bo16=15.13 bo64=13.38 (380 s)
    int__tai20_15_01: mejor 17.10% elite 10.65% (1196 decisiones)
    int__tai20_15_02: mejor 14.05% elite 11.12% (1196 decisiones)
    int__tai20_15_03: mejor 16.92% elite 14.31% (1196 decisiones)
    int__tai20_15_04: mejor 12.30% elite 10.82% (1196 decisiones)
  ronda  4: sel RE=14.48% (4784 dec.) H=1.301 | dev greedy=18.60 bo16=16.16 bo64=13.28 (382 s)
  parada temprana en la ronda 4
[semilla 2] DESPUES: greedy 20.04% bo16 15.07% bo64 13.07%
[semilla 3] warm start desde v2_final_deepsets_1000ep_seed4.pt
[semilla 3] antes: greedy 18.23% bo16 15.91% bo64 13.83%
  [linea base a batir: bo64=13.83]
    int__tai20_15_01: mejor 14.37% elite 14.37% (1196 decisiones)
    int__tai20_15_02: mejor 11.01% elite 11.01% (1196 decisiones)
    int__tai20_15_03: mejor 16.32% elite 16.32% (1195 decisiones)
    int__tai20_15_04: mejor 13.90% elite 13.90% (1196 decisiones)
  ronda  0: sel RE=14.17% (4783 dec.) H=1.180 | dev greedy=18.23 bo16=15.41 bo64=14.40 (379 s)
    int__tai20_15_01: mejor 13.30% elite 14.37% (1196 decisiones)
    int__tai20_15_02: mejor 12.91% elite 11.01% (1196 decisiones)
    int__tai20_15_03: mejor 13.97% elite 13.97% (1196 decisiones)
    int__tai20_15_04: mejor 11.71% elite 11.71% (1196 decisiones)
  ronda  1: sel RE=13.56% (4784 dec.) H=1.154 | dev greedy=18.74 bo16=15.57 bo64=13.82 * (384 s)
    int__tai20_15_01: mejor 12.68% elite 14.37% (1196 decisiones)
    int__tai20_15_02: mejor 10.31% elite 10.31% (1196 decisiones)
    int__tai20_15_03: mejor 16.58% elite 13.97% (1196 decisiones)
    int__tai20_15_04: mejor 10.45% elite 10.45% (1196 decisiones)
  ronda  2: sel RE=14.08% (4784 dec.) H=1.125 | dev greedy=18.25 bo16=15.55 bo64=14.38 (384 s)
    int__tai20_15_01: mejor 12.71% elite 12.71% (1196 decisiones)
    int__tai20_15_02: mejor 11.89% elite 10.31% (1196 decisiones)
    int__tai20_15_03: mejor 15.28% elite 13.97% (1196 decisiones)
    int__tai20_15_04: mejor 10.59% elite 10.59% (1196 decisiones)
  ronda  3: sel RE=13.55% (4784 dec.) H=1.116 | dev greedy=18.43 bo16=14.64 bo64=13.63 * (381 s)
    int__tai20_15_01: mejor 11.35% elite 11.35% (1196 decisiones)
    int__tai20_15_02: mejor 13.50% elite 10.31% (1196 decisiones)
    int__tai20_15_03: mejor 15.50% elite 13.97% (1196 decisiones)
    int__tai20_15_04: mejor 8.96% elite 8.96% (1196 decisiones)
  ronda  4: sel RE=13.54% (4784 dec.) H=1.119 | dev greedy=18.34 bo16=13.96 bo64=13.36 * (384 s)
    int__tai20_15_01: mejor 11.79% elite 11.35% (1196 decisiones)
    int__tai20_15_02: mejor 13.53% elite 10.31% (1196 decisiones)
    int__tai20_15_03: mejor 15.72% elite 13.97% (1196 decisiones)
    int__tai20_15_04: mejor 10.67% elite 8.96% (1196 decisiones)
  ronda  5: sel RE=13.25% (4784 dec.) H=1.120 | dev greedy=18.15 bo16=14.78 bo64=13.26 * (383 s)
    int__tai20_15_01: mejor 12.60% elite 11.35% (1196 decisiones)
    int__tai20_15_02: mejor 13.86% elite 10.31% (1196 decisiones)
    int__tai20_15_03: mejor 16.21% elite 13.97% (1196 decisiones)
    int__tai20_15_04: mejor 12.23% elite 8.96% (1196 decisiones)
  ronda  6: sel RE=13.42% (4784 dec.) H=1.125 | dev greedy=18.80 bo16=14.01 bo64=13.56 (386 s)
    int__tai20_15_01: mejor 15.48% elite 11.35% (1196 decisiones)
    int__tai20_15_02: mejor 12.40% elite 10.31% (1196 decisiones)
    int__tai20_15_03: mejor 13.23% elite 13.23% (1195 decisiones)
    int__tai20_15_04: mejor 10.78% elite 8.96% (1196 decisiones)
  ronda  7: sel RE=12.99% (4783 dec.) H=1.135 | dev greedy=18.44 bo16=14.81 bo64=14.08 (386 s)
    int__tai20_15_01: mejor 14.66% elite 11.35% (1196 decisiones)
    int__tai20_15_02: mejor 14.48% elite 10.31% (1196 decisiones)
    int__tai20_15_03: mejor 14.49% elite 13.23% (1196 decisiones)
    int__tai20_15_04: mejor 11.12% elite 8.96% (1196 decisiones)
  ronda  8: sel RE=13.05% (4784 dec.) H=1.122 | dev greedy=18.33 bo16=15.17 bo64=14.15 (385 s)
    int__tai20_15_01: mejor 12.60% elite 11.35% (1196 decisiones)
    int__tai20_15_02: mejor 12.11% elite 10.31% (1196 decisiones)
    int__tai20_15_03: mejor 13.86% elite 13.23% (1196 decisiones)
    int__tai20_15_04: mejor 11.75% elite 8.96% (1196 decisiones)
  ronda  9: sel RE=12.95% (4784 dec.) H=1.119 | dev greedy=18.45 bo16=15.47 bo64=14.00 (387 s)
  parada temprana en la ronda 9
[semilla 3] DESPUES: greedy 18.15% bo16 14.78% bo64 13.26%

=== RESUMEN ===
      greedy_antes: 18.25%
    greedy_despues: 18.81%
        bo16_antes: 15.49%
      bo16_despues: 14.91%
        bo64_antes: 13.86%
      bo64_despues: 12.76%
    elite_re_train: 11.36%
  referencias: politica RL greedy 18.25 / bo64 13.4; clon v0 bo64 13.94; clon v2 nulo protegido; experto TS ~3.6
