Total de problemas registrados: 167

=== v4 ruin&recreate (3 politicas x 6 instancias, presupuesto 64xT, bo64, d U[15,299]) ===
  [politica 1: clon_v3_seed1.pt]
    int__tai20_15_05: greedy 17.33 bo64 11.28 R&R 13.07 (63 it, 6 aceptadas, 9715 forwards vs 19200 del bo)
    int__tai20_15_06: greedy 16.32 bo64 11.91 R&R 13.09 (63 it, 5 aceptadas, 10641 forwards vs 19200 del bo)
    int__tai20_15_07: greedy 17.24 bo64 9.51 R&R 13.00 (63 it, 6 aceptadas, 10692 forwards vs 19200 del bo)
    int__tai20_15_08: greedy 25.56 bo64 15.61 R&R 18.77 (63 it, 7 aceptadas, 9504 forwards vs 19200 del bo)
    int__tai20_15_09: greedy 13.36 bo64 13.36 R&R 12.95 (63 it, 1 aceptadas, 10477 forwards vs 19200 del bo)
    int__tai20_15_10: greedy 19.62 bo64 10.01 R&R 13.65 (63 it, 7 aceptadas, 10565 forwards vs 19200 del bo)
  [politica 1: 298 s]
  [politica 2: clon_v3_seed2.pt]
    int__tai20_15_05: greedy 21.55 bo64 12.36 R&R 16.17 (63 it, 8 aceptadas, 10355 forwards vs 19200 del bo)
    int__tai20_15_06: greedy 16.84 bo64 13.01 R&R 14.49 (63 it, 1 aceptadas, 10265 forwards vs 19200 del bo)
    int__tai20_15_07: greedy 13.99 bo64 12.31 R&R 10.81 (63 it, 9 aceptadas, 9039 forwards vs 19200 del bo)
    int__tai20_15_08: greedy 23.86 bo64 14.89 R&R 15.47 (63 it, 7 aceptadas, 10327 forwards vs 19200 del bo)
    int__tai20_15_09: greedy 18.66 bo64 13.63 R&R 11.04 (63 it, 7 aceptadas, 10167 forwards vs 19200 del bo)
    int__tai20_15_10: greedy 25.33 bo64 12.20 R&R 13.87 (63 it, 4 aceptadas, 10145 forwards vs 19200 del bo)
  [politica 2: 292 s]
  [politica 3: clon_v3_seed3.pt]
    int__tai20_15_05: greedy 18.37 bo64 12.10 R&R 13.97 (63 it, 10 aceptadas, 9303 forwards vs 19200 del bo)
    int__tai20_15_06: greedy 18.68 bo64 11.99 R&R 14.15 (63 it, 2 aceptadas, 10275 forwards vs 19200 del bo)
    int__tai20_15_07: greedy 14.95 bo64 13.03 R&R 12.14 (63 it, 5 aceptadas, 10555 forwards vs 19200 del bo)
    int__tai20_15_08: greedy 20.37 bo64 17.21 R&R 14.60 (63 it, 3 aceptadas, 9762 forwards vs 19200 del bo)
    int__tai20_15_09: greedy 15.20 bo64 11.34 R&R 12.99 (63 it, 2 aceptadas, 9720 forwards vs 19200 del bo)
    int__tai20_15_10: greedy 21.33 bo64 13.91 R&R 15.76 (63 it, 7 aceptadas, 9124 forwards vs 19200 del bo)
  [politica 3: 302 s]

=== RESUMEN ===
  re_greedy: 18.81%
      re_bo: 12.76%
      re_rr: 13.89%
  R&R mejor que bo64 en 5/18 pares (dif media +1.13)
  Wilcoxon pareado R&R vs bo: p=0.0342
  referencias: politica RL bo64 13.4; clon v0 13.94; experto TS ~3.66
