#------------------------------------------------------------------------------
# irace: An implementation in R of (Elitist) Iterated Racing
# Version: 4.4.3.dd8d85f
# Copyright (C) 2010-2025
# Manuel Lopez-Ibanez     <manuel.lopez-ibanez@manchester.ac.uk>
# Jeremie Dubois-Lacoste
# Leslie Perez Caceres    <leslie.perez.caceres@ulb.ac.be>
#
# This is free software, and you are welcome to redistribute it under certain
# conditions.  See the GNU General Public License for details. There is NO
# WARRANTY; not even for MERCHANTABILITY or FITNESS FOR A PARTICULAR PURPOSE.
#
# irace builds upon previous code from the race package:
#     race: Racing methods for the selection of the best
#     Copyright (C) 2003 Mauro Birattari
#------------------------------------------------------------------------------
# installed at: C:/Users/herdi/AppData/Local/Programs/R/R-4.6.1/library/irace
# called with: --scenario scenario_reward.txt
# 2026-08-05 22:41:02 CEST: Reading parameter file 'E:/PycharmProjects/DeepLJSP/tuning/parameters_reward.txt'.
# 2026-08-05 22:41:02 CEST: Read 3 configuration(s) from file 'E:/PycharmProjects/DeepLJSP/tuning/configurations_reward.txt'
# 2026-08-05 22:41:03 CEST: Initialization
# Elitist race
# Elitist new instances: 1
# Elitist limit: 2
# nbIterations: 4
# minNbSurvival: 4
# nbParameters: 6
# seed: 20260805
# confidence level: 0.95
# budget: 300
# mu: 6
# deterministic: FALSE

# 2026-08-05 22:41:03 CEST: Iteration 1 of 4
# experimentsUsed: 0
# remainingBudget: 300
# currentBudget: 75
# nbConfigurations: 10
# Markers:
     x No test is performed.
     c Configurations are discarded only due to capping.
     - The test is performed and some configurations are discarded.
     = The test is performed but no configuration is discarded.
     ! The test is performed and configurations could be discarded but elite configurations are preserved.
     . Alive configurations were already evaluated on this instance and nothing is discarded.
     : All alive configurations are elite, but some need to be evaluated on this instance.

+-+-----------+-----------+-----------+----------------+-----------+--------+-----+----+------+
| |   Instance|      Alive|       Best|       Mean best| Exp so far|  W time|  rho|KenW|  Qvar|
+-+-----------+-----------+-----------+----------------+-----------+--------+-----+----+------+
|x|          1|         10|          7|     14.83710000|         10|01:45:16|   NA|  NA|    NA|
|x|          2|         10|          7|     14.73010000|         20|01:40:45|+0.42|0.71|0.6602|
|x|          3|         10|          7|     14.02666667|         30|01:33:30|+0.51|0.67|0.4712|
|x|          4|         10|          7|     14.37597500|         40|01:23:11|+0.58|0.68|0.4298|
|x|          5|         10|          7|     14.28734000|         50|01:22:26|+0.60|0.68|0.3677|
|-|          6|          3|          7|     14.08813333|         60|01:22:22|+0.23|0.36|0.5112|
+-+-----------+-----------+-----------+----------------+-----------+--------+-----+----+------+
Best-so-far configuration:           7    mean value:      14.08813333
Description of the best-so-far configuration:
  .ID. rwmakespan rwidle rwcritical rwbalance rwprogress rwlocal .PARENT.
7    7     0.6873 0.0661     0.3672    0.5136      0.455  0.8654       NA

# 2026-08-06 07:48:36 CEST: Elite configurations (first number is the configuration ID; listed from best to worst according to the sum of ranks):
  rwmakespan rwidle rwcritical rwbalance rwprogress rwlocal
7     0.6873 0.0661     0.3672    0.5136      0.455  0.8654
9     0.0623 0.1911     0.7422    0.1386      0.830  0.2404
1     1.0000 0.2400     0.1000    0.1000      0.260  0.1500
# 2026-08-06 07:48:36 CEST: Iteration 2 of 4
# experimentsUsed: 60
# remainingBudget: 240
# currentBudget: 80
# nbConfigurations: 12
# Markers:
     x No test is performed.
     c Configurations are discarded only due to capping.
     - The test is performed and some configurations are discarded.
     = The test is performed but no configuration is discarded.
     ! The test is performed and configurations could be discarded but elite configurations are preserved.
     . Alive configurations were already evaluated on this instance and nothing is discarded.
     : All alive configurations are elite, but some need to be evaluated on this instance.

+-+-----------+-----------+-----------+----------------+-----------+--------+-----+----+------+
| |   Instance|      Alive|       Best|       Mean best| Exp so far|  W time|  rho|KenW|  Qvar|
+-+-----------+-----------+-----------+----------------+-----------+--------+-----+----+------+
|x|          7|         12|         18|     13.17320000|         12|01:28:51|   NA|  NA|    NA|
|x|          5|         12|         14|     13.68975000|         21|01:36:19|+0.43|0.71|0.5018|
|x|          4|         12|         14|     13.37443333|         30|01:32:48|+0.53|0.69|0.4297|
|x|          1|         12|         14|     13.53597500|         39|01:38:11|+0.49|0.62|0.5068|
|x|          2|         12|         15|     13.39700000|         48|01:21:20|+0.46|0.57|0.5307|
|-|          3|          7|         15|     13.29333333|         57|01:21:50|+0.21|0.34|0.6474|
|-|          6|          5|         15|     13.19382857|         61|00:39:34|-0.01|0.13|0.7212|
|=|          8|          5|         15|     13.25125000|         66|00:42:01|+0.01|0.13|0.6995|
|=|          9|          5|         15|     13.22072222|         71|00:42:23|+0.05|0.16|0.6788|
+-+-----------+-----------+-----------+----------------+-----------+--------+-----+----+------+
Best-so-far configuration:          15    mean value:      13.22072222
Description of the best-so-far configuration:
   .ID. rwmakespan rwidle rwcritical rwbalance rwprogress rwlocal .PARENT.
15   15     0.4487 0.1779     0.5513    0.2669     0.9154  0.5014        9

# 2026-08-06 18:51:56 CEST: Elite configurations (first number is the configuration ID; listed from best to worst according to the sum of ranks):
   rwmakespan rwidle rwcritical rwbalance rwprogress rwlocal
15     0.4487 0.1779     0.5513    0.2669     0.9154  0.5014
7      0.6873 0.0661     0.3672    0.5136     0.4550  0.8654
13     0.6391 0.2282     0.6201    0.4432     0.5579  0.5662
14     0.9920 0.1223     0.2970    0.1676     0.1310  0.9044
# 2026-08-06 18:51:56 CEST: Iteration 3 of 4
# experimentsUsed: 131
# remainingBudget: 169
# currentBudget: 84
# nbConfigurations: 12
# Markers:
     x No test is performed.
     c Configurations are discarded only due to capping.
     - The test is performed and some configurations are discarded.
     = The test is performed but no configuration is discarded.
     ! The test is performed and configurations could be discarded but elite configurations are preserved.
     . Alive configurations were already evaluated on this instance and nothing is discarded.
     : All alive configurations are elite, but some need to be evaluated on this instance.

+-+-----------+-----------+-----------+----------------+-----------+--------+-----+----+------+
| |   Instance|      Alive|       Best|       Mean best| Exp so far|  W time|  rho|KenW|  Qvar|
+-+-----------+-----------+-----------+----------------+-----------+--------+-----+----+------+
|x|         10|         12|         20|     11.62440000|         12|01:31:05|   NA|  NA|    NA|
|x|          4|         12|         13|     12.83625000|         20|01:19:54|+0.43|0.72|0.4043|
|x|          1|         12|         13|     13.14266667|         28|01:34:03|+0.41|0.60|0.4445|
|x|          3|         12|         15|     13.19165000|         36|01:25:58|+0.42|0.57|0.4204|
|x|          9|         12|         15|     13.14862000|         44|01:44:35|+0.45|0.56|0.4225|
|-|          7|          6|         15|     13.32271667|         52|01:38:10|-0.06|0.12|0.8788|
|=|          6|          6|         15|     13.21901429|         54|00:25:58|+0.00|0.15|0.8525|
|=|          8|          6|         15|     13.27328750|         56|00:24:09|+0.05|0.17|0.8323|
|=|          2|          6|         15|     13.29591111|         58|00:27:38|+0.07|0.18|0.7871|
|=|          5|          6|         15|     13.26397000|         60|00:21:56|+0.11|0.20|0.7559|
|-|         11|          2|         15|     13.28332727|         66|00:45:40|-0.09|0.01|0.5455|
+-+-----------+-----------+-----------+----------------+-----------+--------+-----+----+------+
Best configuration for the instances in this race: 15
Best-so-far configuration:          20    mean value:      13.34599091
Description of the best-so-far configuration:
   .ID. rwmakespan rwidle rwcritical rwbalance rwprogress rwlocal .PARENT.
20   20     0.7685 0.0234     0.2875    0.5002     0.6455  0.3303        7

# 2026-08-07 06:31:09 CEST: Elite configurations (first number is the configuration ID; listed from best to worst according to the sum of ranks):
   rwmakespan rwidle rwcritical rwbalance rwprogress rwlocal
20     0.7685 0.0234     0.2875    0.5002     0.6455  0.3303
15     0.4487 0.1779     0.5513    0.2669     0.9154  0.5014
# 2026-08-07 06:31:09 CEST: Iteration 4 of 4
# experimentsUsed: 197
# remainingBudget: 103
# currentBudget: 103
# nbConfigurations: 10
# Markers:
     x No test is performed.
     c Configurations are discarded only due to capping.
     - The test is performed and some configurations are discarded.
     = The test is performed but no configuration is discarded.
     ! The test is performed and configurations could be discarded but elite configurations are preserved.
     . Alive configurations were already evaluated on this instance and nothing is discarded.
     : All alive configurations are elite, but some need to be evaluated on this instance.

+-+-----------+-----------+-----------+----------------+-----------+--------+-----+----+------+
| |   Instance|      Alive|       Best|       Mean best| Exp so far|  W time|  rho|KenW|  Qvar|
+-+-----------+-----------+-----------+----------------+-----------+--------+-----+----+------+
|x|         12|         10|         15|     12.75570000|         10|01:25:24|   NA|  NA|    NA|
|x|          8|         10|         20|     12.72275000|         18|01:19:59|+0.53|0.76|0.3473|
|x|          5|         10|         20|     12.74143333|         26|01:34:51|+0.51|0.67|0.5040|
|x|         11|         10|         20|     12.91487500|         34|01:36:51|+0.47|0.60|0.5251|
|x|          9|         10|         20|     12.88766000|         42|01:36:04|+0.55|0.64|0.4763|
|-|          3|          4|         20|     13.06621667|         50|01:35:51|-0.07|0.11|0.7973|
+-+-----------+-----------+-----------+----------------+-----------+--------+-----+----+------+
Best-so-far configuration:          20    mean value:      13.38558333
Description of the best-so-far configuration:
   .ID. rwmakespan rwidle rwcritical rwbalance rwprogress rwlocal .PARENT.
20   20     0.7685 0.0234     0.2875    0.5002     0.6455  0.3303        7

# 2026-08-07 15:40:12 CEST: Elite configurations (first number is the configuration ID; listed from best to worst according to the sum of ranks):
   rwmakespan rwidle rwcritical rwbalance rwprogress rwlocal
20     0.7685 0.0234     0.2875    0.5002     0.6455  0.3303
15     0.4487 0.1779     0.5513    0.2669     0.9154  0.5014
30     0.5692 0.1824     0.7681    0.2771     0.9867  0.4911
35     0.5813 0.1776     0.4678    0.3187     0.8925  0.6478
# 2026-08-07 15:40:12 CEST: Iteration 5 of 5
# experimentsUsed: 247
# remainingBudget: 53
# currentBudget: 53
# nbConfigurations: 7
# Markers:
     x No test is performed.
     c Configurations are discarded only due to capping.
     - The test is performed and some configurations are discarded.
     = The test is performed but no configuration is discarded.
     ! The test is performed and configurations could be discarded but elite configurations are preserved.
     . Alive configurations were already evaluated on this instance and nothing is discarded.
     : All alive configurations are elite, but some need to be evaluated on this instance.

+-+-----------+-----------+-----------+----------------+-----------+--------+-----+----+------+
| |   Instance|      Alive|       Best|       Mean best| Exp so far|  W time|  rho|KenW|  Qvar|
+-+-----------+-----------+-----------+----------------+-----------+--------+-----+----+------+
|x|         13|          7|         38|     12.31110000|          7|01:03:12|   NA|  NA|    NA|
|x|          6|          7|         15|     13.39500000|         12|00:43:11|-0.75|0.12|1.3322|
|x|         11|          7|         30|     13.49503333|         15|00:23:10|-0.19|0.21|0.9224|
|x|          4|          7|         15|     13.25565000|         20|00:43:34|-0.11|0.17|0.8420|
|x|          7|          7|         38|     13.16846000|         25|00:43:37|-0.06|0.15|0.8038|
|=|          8|          7|         38|     13.12620000|         28|00:32:13|+0.00|0.17|0.7599|
|=|          2|          7|         38|     13.18985714|         33|01:12:42|+0.06|0.19|0.7192|
|=|          9|          7|         15|     13.41530000|         36|00:54:13|+0.12|0.23|0.6827|
|-|         10|          5|         20|     13.48071111|         41|01:40:33|-0.10|0.02|0.8881|
|=|         12|          5|         20|     13.51475000|         42|00:35:16|-0.08|0.03|0.8544|
|=|          1|          5|         15|     13.39218182|         45|00:35:14|-0.08|0.02|0.8313|
|=|          5|          5|         20|     13.54370833|         46|00:23:15|-0.05|0.04|0.8125|
|=|          3|          5|         15|     13.31273077|         47|00:18:41|-0.04|0.04|0.8137|
|=|         14|          5|         15|     13.26159286|         52|00:45:06|-0.02|0.05|0.7952|
+-+-----------+-----------+-----------+----------------+-----------+--------+-----+----+------+
Best-so-far configuration:          15    mean value:      13.26159286
Description of the best-so-far configuration:
   .ID. rwmakespan rwidle rwcritical rwbalance rwprogress rwlocal .PARENT.
15   15     0.4487 0.1779     0.5513    0.2669     0.9154  0.5014        9

# 2026-08-08 02:14:17 CEST: Elite configurations (first number is the configuration ID; listed from best to worst according to the sum of ranks):
   rwmakespan rwidle rwcritical rwbalance rwprogress rwlocal
15     0.4487 0.1779     0.5513    0.2669     0.9154  0.5014
20     0.7685 0.0234     0.2875    0.5002     0.6455  0.3303
30     0.5692 0.1824     0.7681    0.2771     0.9867  0.4911
35     0.5813 0.1776     0.4678    0.3187     0.8925  0.6478
# 2026-08-08 02:14:17 CEST: Stopped because there is not enough budget left to race more than the minimum (4).
# You may either increase the budget or set 'minNbSurvival' to a lower value.
# Iteration: 6
# nbIterations: 6
# experimentsUsed: 299
# timeUsed: 0
# remainingBudget: 1
# currentBudget: 1
# number of elites: 4
# nbConfigurations: 4
# Total CPU user time: 1.53, CPU sys time: 1.69, Wall-clock time: 185594.7
# Best configurations (first number is the configuration ID; listed from best to worst according to the sum of ranks):
   rwmakespan rwidle rwcritical rwbalance rwprogress rwlocal
15     0.4487 0.1779     0.5513    0.2669     0.9154  0.5014
20     0.7685 0.0234     0.2875    0.5002     0.6455  0.3303
30     0.5692 0.1824     0.7681    0.2771     0.9867  0.4911
35     0.5813 0.1776     0.4678    0.3187     0.8925  0.6478
# Best configurations as commandlines (first number is the configuration ID; listed from best to worst according to the sum of ranks):
15 --rw-makespan 0.4487 --rw-idle 0.1779 --rw-critical 0.5513 --rw-balance 0.2669 --rw-progress 0.9154 --rw-local 0.5014
20 --rw-makespan 0.7685 --rw-idle 0.0234 --rw-critical 0.2875 --rw-balance 0.5002 --rw-progress 0.6455 --rw-local 0.3303
30 --rw-makespan 0.5692 --rw-idle 0.1824 --rw-critical 0.7681 --rw-balance 0.2771 --rw-progress 0.9867 --rw-local 0.4911
35 --rw-makespan 0.5813 --rw-idle 0.1776 --rw-critical 0.4678 --rw-balance 0.3187 --rw-progress 0.8925 --rw-local 0.6478


# Testing of elite configurations: 1 
# Testing iteration configurations: FALSE 
# 2026-08-08 02:14:17 CEST: No test instances, skip testing
Aviso:
In irace.cmdline(c("--scenario", "scenario_reward.txt")) :
  'irace.cmdline' está en desuso.
Utilizar 'irace.cmdline' en su lugar.
Ver help("Deprecated")
